// Jest Snapshot v1, https://goo.gl/fbAQLP

exports[`The main functionnalities Should get the whole current month data 1`] = `
Array [
  Object {
    "day": 1,
    "gregorianDate": "2020-06-23",
    "month": 11,
    "year": 1441,
  },
  Object {
    "day": 2,
    "gregorianDate": "2020-06-24",
    "month": 11,
    "year": 1441,
  },
  Object {
    "day": 3,
    "gregorianDate": "2020-06-25",
    "month": 11,
    "year": 1441,
  },
  Object {
    "day": 4,
    "gregorianDate": "2020-06-26",
    "month": 11,
    "year": 1441,
  },
  Object {
    "day": 5,
    "gregorianDate": "2020-06-27",
    "month": 11,
    "year": 1441,
  },
  Object {
    "day": 6,
    "gregorianDate": "2020-06-28",
    "month": 11,
    "year": 1441,
  },
  Object {
    "day": 7,
    "gregorianDate": "2020-06-29",
    "month": 11,
    "year": 1441,
  },
  Object {
    "day": 8,
    "gregorianDate": "2020-06-30",
    "month": 11,
    "year": 1441,
  },
  Object {
    "day": 9,
    "gregorianDate": "2020-07-01",
    "month": 11,
    "year": 1441,
  },
  Object {
    "day": 10,
    "gregorianDate": "2020-07-02",
    "month": 11,
    "year": 1441,
  },
  Object {
    "day": 11,
    "gregorianDate": "2020-07-03",
    "month": 11,
    "year": 1441,
  },
  Object {
    "day": 12,
    "gregorianDate": "2020-07-04",
    "month": 11,
    "year": 1441,
  },
  Object {
    "day": 13,
    "gregorianDate": "2020-07-05",
    "month": 11,
    "year": 1441,
  },
  Object {
    "day": 14,
    "gregorianDate": "2020-07-06",
    "month": 11,
    "year": 1441,
  },
  Object {
    "day": 15,
    "gregorianDate": "2020-07-07",
    "month": 11,
    "year": 1441,
  },
  Object {
    "day": 16,
    "gregorianDate": "2020-07-08",
    "month": 11,
    "year": 1441,
  },
  Object {
    "day": 17,
    "gregorianDate": "2020-07-09",
    "month": 11,
    "year": 1441,
  },
  Object {
    "day": 18,
    "gregorianDate": "2020-07-10",
    "month": 11,
    "year": 1441,
  },
  Object {
    "day": 19,
    "gregorianDate": "2020-07-11",
    "month": 11,
    "year": 1441,
  },
  Object {
    "day": 20,
    "gregorianDate": "2020-07-12",
    "month": 11,
    "year": 1441,
  },
  Object {
    "day": 21,
    "gregorianDate": "2020-07-13",
    "month": 11,
    "year": 1441,
  },
  Object {
    "day": 22,
    "gregorianDate": "2020-07-14",
    "month": 11,
    "year": 1441,
  },
  Object {
    "day": 23,
    "gregorianDate": "2020-07-15",
    "month": 11,
    "year": 1441,
  },
  Object {
    "day": 24,
    "gregorianDate": "2020-07-16",
    "month": 11,
    "year": 1441,
  },
  Object {
    "day": 25,
    "gregorianDate": "2020-07-17",
    "month": 11,
    "year": 1441,
  },
  Object {
    "day": 26,
    "gregorianDate": "2020-07-18",
    "month": 11,
    "year": 1441,
  },
  Object {
    "day": 27,
    "gregorianDate": "2020-07-19",
    "month": 11,
    "year": 1441,
  },
  Object {
    "day": 28,
    "gregorianDate": "2020-07-20",
    "month": 11,
    "year": 1441,
  },
  Object {
    "day": 29,
    "gregorianDate": "2020-07-21",
    "month": 11,
    "year": 1441,
  },
]
`;
